// Jest Snapshot v1, https://goo.gl/fbAQLP

exports[`taskActions break startBreak timer pause 1`] = `
Object {
  "startDateString": "Tue, 30 Apr 2024 16:52:27 GMT",
  "taskId": 0,
  "type": "worktime",
  "workTime": 500,
}
`;
